
running 15 tests
iiiiiiiiiiiiiii
test result: ok. 0 passed; 0 failed; 15 ignored; 0 measured; 0 filtered out; finished in 0.00s


running 0 tests

test result: ok. 0 passed; 0 failed; 0 ignored; 0 measured; 0 filtered out; finished in 0.00s

ac_encode/uniform_dist  time:   [28.028 µs 28.060 µs 28.095 µs]
                        thrpt:  [35.593 Melem/s 35.638 Melem/s 35.678 Melem/s]
Found 3 outliers among 100 measurements (3.00%)
  3 (3.00%) high mild
ac_encode/skewed_dist   time:   [46.415 µs 46.477 µs 46.558 µs]
                        thrpt:  [21.478 Melem/s 21.516 Melem/s 21.545 Melem/s]
Found 7 outliers among 100 measurements (7.00%)
  4 (4.00%) high mild
  3 (3.00%) high severe

ac_decode/1000_symbols  time:   [38.303 µs 38.366 µs 38.445 µs]
                        thrpt:  [26.011 Melem/s 26.064 Melem/s 26.108 Melem/s]
Found 12 outliers among 100 measurements (12.00%)
  1 (1.00%) low mild
  1 (1.00%) high mild
  10 (10.00%) high severe

rans_encode/1000_symbols
                        time:   [7.2233 µs 7.2315 µs 7.2415 µs]
                        thrpt:  [138.09 Melem/s 138.28 Melem/s 138.44 Melem/s]
Found 15 outliers among 100 measurements (15.00%)
  1 (1.00%) low mild
  4 (4.00%) high mild
  10 (10.00%) high severe

rans_decode/1000_symbols
                        time:   [3.3954 µs 3.4064 µs 3.4178 µs]
                        thrpt:  [292.59 Melem/s 293.56 Melem/s 294.52 Melem/s]
Found 1 outliers among 100 measurements (1.00%)
  1 (1.00%) high mild

softmax/256_vocab_alloc time:   [306.56 ns 307.30 ns 308.14 ns]
                        thrpt:  [830.80 Melem/s 833.05 Melem/s 835.07 Melem/s]
Found 7 outliers among 100 measurements (7.00%)
  2 (2.00%) low mild
  1 (1.00%) high mild
  4 (4.00%) high severe
softmax/256_vocab_inplace
                        time:   [228.46 ns 228.86 ns 229.32 ns]
                        thrpt:  [1.1163 Gelem/s 1.1186 Gelem/s 1.1206 Gelem/s]
Found 5 outliers among 100 measurements (5.00%)
  3 (3.00%) high mild
  2 (2.00%) high severe

cdf_quantization/ac_256_alloc
                        time:   [332.19 ns 332.71 ns 333.25 ns]
                        thrpt:  [768.20 Melem/s 769.44 Melem/s 770.65 Melem/s]
Found 4 outliers among 100 measurements (4.00%)
  1 (1.00%) low mild
  3 (3.00%) high mild
cdf_quantization/ac_256_inplace
                        time:   [319.01 ns 319.54 ns 320.19 ns]
                        thrpt:  [799.53 Melem/s 801.15 Melem/s 802.49 Melem/s]
Found 13 outliers among 100 measurements (13.00%)
  5 (5.00%) high mild
  8 (8.00%) high severe
cdf_quantization/rans_256_alloc
                        time:   [635.29 ns 636.07 ns 636.96 ns]
                        thrpt:  [401.91 Melem/s 402.47 Melem/s 402.96 Melem/s]
Found 10 outliers among 100 measurements (10.00%)
  3 (3.00%) low mild
  2 (2.00%) high mild
  5 (5.00%) high severe
cdf_quantization/rans_256_inplace
                        time:   [542.70 ns 543.38 ns 544.19 ns]
                        thrpt:  [470.42 Melem/s 471.12 Melem/s 471.72 Melem/s]
Found 12 outliers among 100 measurements (12.00%)
  4 (4.00%) high mild
  8 (8.00%) high severe

roundtrip/ac/100        time:   [6.2361 µs 6.2481 µs 6.2631 µs]
                        thrpt:  [15.966 Melem/s 16.005 Melem/s 16.036 Melem/s]
Found 10 outliers among 100 measurements (10.00%)
  2 (2.00%) high mild
  8 (8.00%) high severe
roundtrip/rans/100      time:   [1.0521 µs 1.0533 µs 1.0549 µs]
                        thrpt:  [94.794 Melem/s 94.942 Melem/s 95.050 Melem/s]
Found 16 outliers among 100 measurements (16.00%)
  3 (3.00%) low mild
  4 (4.00%) high mild
  9 (9.00%) high severe
roundtrip/ac/1000       time:   [84.425 µs 84.555 µs 84.717 µs]
                        thrpt:  [11.804 Melem/s 11.827 Melem/s 11.845 Melem/s]
Found 18 outliers among 100 measurements (18.00%)
  2 (2.00%) low mild
  8 (8.00%) high mild
  8 (8.00%) high severe
roundtrip/rans/1000     time:   [10.708 µs 10.725 µs 10.749 µs]
                        thrpt:  [93.032 Melem/s 93.238 Melem/s 93.389 Melem/s]
Found 15 outliers among 100 measurements (15.00%)
  1 (1.00%) low severe
  3 (3.00%) low mild
  4 (4.00%) high mild
  7 (7.00%) high severe
roundtrip/ac/10000      time:   [884.21 µs 885.22 µs 886.35 µs]
                        thrpt:  [11.282 Melem/s 11.297 Melem/s 11.310 Melem/s]
Found 13 outliers among 100 measurements (13.00%)
  5 (5.00%) high mild
  8 (8.00%) high severe
roundtrip/rans/10000    time:   [104.76 µs 104.89 µs 105.05 µs]
                        thrpt:  [95.197 Melem/s 95.338 Melem/s 95.453 Melem/s]
Found 14 outliers among 100 measurements (14.00%)
  2 (2.00%) low mild
  1 (1.00%) high mild
  11 (11.00%) high severe

compress_ac/256         time:   [478.00 ms 478.40 ms 478.84 ms]
                        thrpt:  [534.63   B/s 535.11   B/s 535.56   B/s]
Found 14 outliers among 100 measurements (14.00%)
  7 (7.00%) high mild
  7 (7.00%) high severe
compress_ac/512         time:   [958.31 ms 958.85 ms 959.41 ms]
                        thrpt:  [533.66   B/s 533.97   B/s 534.27   B/s]

compress_rans/256       time:   [484.85 ms 485.27 ms 485.71 ms]
                        thrpt:  [527.06   B/s 527.55   B/s 528.00   B/s]
Found 18 outliers among 100 measurements (18.00%)
  8 (8.00%) high mild
  10 (10.00%) high severe
compress_rans/512       time:   [964.97 ms 965.57 ms 966.18 ms]
                        thrpt:  [529.92   B/s 530.26   B/s 530.59   B/s]

decompress_ac/256       time:   [487.54 ms 487.93 ms 488.34 ms]
                        thrpt:  [524.23   B/s 524.67   B/s 525.08   B/s]
Found 16 outliers among 100 measurements (16.00%)
  14 (14.00%) high mild
  2 (2.00%) high severe
decompress_ac/512       time:   [973.45 ms 974.02 ms 974.60 ms]
                        thrpt:  [525.34   B/s 525.66   B/s 525.96   B/s]

decompress_rans/256     time:   [478.00 ms 478.40 ms 478.83 ms]
                        thrpt:  [534.64   B/s 535.12   B/s 535.57   B/s]
Found 18 outliers among 100 measurements (18.00%)
  8 (8.00%) high mild
  10 (10.00%) high severe
decompress_rans/512     time:   [954.24 ms 954.78 ms 955.35 ms]
                        thrpt:  [535.93   B/s 536.25   B/s 536.55   B/s]

roundtrip/ac            time:   [3.8182 s 3.8188 s 3.8194 s]
                        thrpt:  [268.10   B/s 268.15   B/s 268.19   B/s]
roundtrip/rans          time:   [3.8552 s 3.8558 s 3.8565 s]
                        thrpt:  [265.53   B/s 265.57   B/s 265.62   B/s]
Found 2 outliers among 100 measurements (2.00%)
  2 (2.00%) high mild

data_types/ac/random    time:   [1.9133 s 1.9139 s 1.9145 s]
                        thrpt:  [534.86   B/s 535.03   B/s 535.20   B/s]
data_types/ac/mixed     time:   [1.9073 s 1.9079 s 1.9085 s]
                        thrpt:  [536.55   B/s 536.71   B/s 536.87   B/s]
data_types/ac/repetitive
                        time:   [1.9070 s 1.9076 s 1.9082 s]
                        thrpt:  [536.63   B/s 536.80   B/s 536.97   B/s]

cross_entropy/1024_bytes
                        time:   [1.9193 s 1.9200 s 1.9206 s]
                        thrpt:  [533.17   B/s 533.34   B/s 533.52   B/s]

forward_token/rwkv7_L12_D256
                        time:   [1.8602 ms 1.8638 ms 1.8683 ms]
                        thrpt:  [535.25  elem/s 536.54  elem/s 537.59  elem/s]
Found 18 outliers among 100 measurements (18.00%)
  8 (8.00%) high mild
  10 (10.00%) high severe

